{"op":"merged","srcArchive":"C:\\Users\\soren\\archive\\docs-legacy-2026-05-04T03-06-29-830Z\\conflicts\\RewriteLabs_Backup\\2026_04_24_16_59_59\\RewriteLabs\\README.md-a3fc9b95","dest":"C:\\Users\\soren\\docs\\README.md","timestamp":"2026-05-04T03:32:44.778Z"}
{"op":"merged","srcArchive":"C:\\Users\\soren\\archive\\docs-legacy-2026-05-04T03-06-29-830Z\\conflicts\\ROADMAP.md-fc3ff73c","dest":"C:\\Users\\soren\\docs\\project-brain\\ROADMAP.md","timestamp":"2026-05-04T03:32:44.784Z"}
{"op":"merged","srcArchive":"C:\\Users\\soren\\archive\\docs-legacy-2026-05-04T03-06-29-830Z\\conflicts\\v1\\README.md-69e22ff1","dest":"C:\\Users\\soren\\docs\\README.md","timestamp":"2026-05-04T03:32:44.787Z"}
{"op":"merged","srcArchive":"C:\\Users\\soren\\archive\\docs-legacy-2026-05-04T03-06-29-830Z\\conflicts\\contracts.md-d11d7c36","dest":"C:\\Users\\soren\\docs\\ingestion\\contracts.md","timestamp":"2026-05-04T03:32:44.801Z"}
{"op":"merged","srcArchive":"C:\\Users\\soren\\archive\\docs-legacy-2026-05-04T03-06-29-830Z\\conflicts\\queues.md-ba017fb0","dest":"C:\\Users\\soren\\docs\\ingestion\\queues.md","timestamp":"2026-05-04T03:32:44.805Z"}
{"op":"merged","srcArchive":"C:\\Users\\soren\\archive\\docs-legacy-2026-05-04T03-06-29-830Z\\conflicts\\services.md-e937fac1","dest":"C:\\Users\\soren\\docs\\ingestion\\services.md","timestamp":"2026-05-04T03:32:44.808Z"}
{"op":"merged","srcArchive":"C:\\Users\\soren\\archive\\docs-legacy-2026-05-04T03-06-29-830Z\\conflicts\\ADR_001.md-da39a3ee","dest":"C:\\Users\\soren\\docs\\operator-console\\ADR_001.md","timestamp":"2026-05-04T03:32:44.811Z"}
{"op":"merged","srcArchive":"C:\\Users\\soren\\archive\\docs-legacy-2026-05-04T03-06-29-830Z\\conflicts\\ADR_002.md-da39a3ee","dest":"C:\\Users\\soren\\docs\\operator-console\\ADR_002.md","timestamp":"2026-05-04T03:32:44.814Z"}
{"op":"merged","srcArchive":"C:\\Users\\soren\\archive\\docs-legacy-2026-05-04T03-06-29-830Z\\conflicts\\MODULES.md-da39a3ee","dest":"C:\\Users\\soren\\docs\\operator-console\\MODULES.md","timestamp":"2026-05-04T03:32:44.817Z"}
{"op":"merged","srcArchive":"C:\\Users\\soren\\archive\\docs-legacy-2026-05-04T03-06-29-830Z\\conflicts\\OSM_ENGINE.md-da39a3ee","dest":"C:\\Users\\soren\\docs\\operator-console\\OSM_ENGINE.md","timestamp":"2026-05-04T03:32:44.820Z"}
{"op":"merged","srcArchive":"C:\\Users\\soren\\archive\\docs-legacy-2026-05-04T03-06-29-830Z\\conflicts\\SWEEPER.md-da39a3ee","dest":"C:\\Users\\soren\\docs\\operator-console\\SWEEPER.md","timestamp":"2026-05-04T03:32:44.823Z"}
{"op":"merged","srcArchive":"C:\\Users\\soren\\archive\\docs-legacy-2026-05-04T03-06-29-830Z\\conflicts\\TESTING.md-da39a3ee","dest":"C:\\Users\\soren\\docs\\operator-console\\TESTING.md","timestamp":"2026-05-04T03:32:44.825Z"}
{"op":"merged","srcArchive":"C:\\Users\\soren\\archive\\docs-legacy-2026-05-04T03-06-29-830Z\\conflicts\\architecture.md-4b7b40ef","dest":"C:\\Users\\soren\\docs\\project-brain\\castironforge\\architecture.md","timestamp":"2026-05-04T03:32:44.828Z"}
{"op":"merged","srcArchive":"C:\\Users\\soren\\archive\\docs-legacy-2026-05-04T03-06-29-830Z\\conflicts\\commands.md-fed44356","dest":"C:\\Users\\soren\\docs\\project-brain\\castironforge\\commands.md","timestamp":"2026-05-04T03:32:44.832Z"}
{"op":"merged","srcArchive":"C:\\Users\\soren\\archive\\docs-legacy-2026-05-04T03-06-29-830Z\\conflicts\\Daily Logs\\CIC-Business-Development-Log_2026_04_21.md-0c71609a","dest":"C:\\Users\\soren\\docs\\project-brain\\castironforge\\CIC-Business-Development-Log_2026_04_21.md","timestamp":"2026-05-04T03:32:44.836Z"}
{"op":"merged","srcArchive":"C:\\Users\\soren\\archive\\docs-legacy-2026-05-04T03-06-29-830Z\\conflicts\\Daily Logs\\CIC-Business-Development-Log_2026_04_26.md-b92789a3","dest":"C:\\Users\\soren\\docs\\project-brain\\castironforge\\CIC-Business-Development-Log_2026_04_26.md","timestamp":"2026-05-04T03:32:44.839Z"}
{"op":"merged","srcArchive":"C:\\Users\\soren\\archive\\docs-legacy-2026-05-04T03-06-29-830Z\\conflicts\\Daily Logs\\digests\\cic-news-digest_2026-04-23_v1.md-92c25465","dest":"C:\\Users\\soren\\docs\\project-brain\\castironforge\\cic-news-digest_2026-04-23_v1.md","timestamp":"2026-05-04T03:32:44.842Z"}
{"op":"merged","srcArchive":"C:\\Users\\soren\\archive\\docs-legacy-2026-05-04T03-06-29-830Z\\conflicts\\Daily Logs\\digests\\cic-news-digest_2026-04-24_v1.md-567eb21c","dest":"C:\\Users\\soren\\docs\\project-brain\\castironforge\\cic-news-digest_2026-04-24_v1.md","timestamp":"2026-05-04T03:32:44.845Z"}
{"op":"merged","srcArchive":"C:\\Users\\soren\\archive\\docs-legacy-2026-05-04T03-06-29-830Z\\conflicts\\Daily Logs\\digests\\cic-news-digest_2026-04-24_v2.md-1de7d679","dest":"C:\\Users\\soren\\docs\\project-brain\\castironforge\\cic-news-digest_2026-04-24_v2.md","timestamp":"2026-05-04T03:32:44.848Z"}
{"op":"merged","srcArchive":"C:\\Users\\soren\\archive\\docs-legacy-2026-05-04T03-06-29-830Z\\conflicts\\Daily Logs\\digests\\cic-news-digest_2026-04-24_v3.md-c0175c69","dest":"C:\\Users\\soren\\docs\\project-brain\\castironforge\\cic-news-digest_2026-04-24_v3.md","timestamp":"2026-05-04T03:32:44.851Z"}
{"op":"merged","srcArchive":"C:\\Users\\soren\\archive\\docs-legacy-2026-05-04T03-06-29-830Z\\conflicts\\Daily Logs\\digests\\cic-news-digest_2026-04-25_v1.md-2042c5c5","dest":"C:\\Users\\soren\\docs\\project-brain\\castironforge\\cic-news-digest_2026-04-25_v1.md","timestamp":"2026-05-04T03:32:44.854Z"}
{"op":"merged","srcArchive":"C:\\Users\\soren\\archive\\docs-legacy-2026-05-04T03-06-29-830Z\\conflicts\\Daily Logs\\digests\\cic-news-digest_2026-04-27_v1.md-3a24fb55","dest":"C:\\Users\\soren\\docs\\project-brain\\castironforge\\cic-news-digest_2026-04-27_v1.md","timestamp":"2026-05-04T03:32:44.858Z"}
{"op":"merged","srcArchive":"C:\\Users\\soren\\archive\\docs-legacy-2026-05-04T03-06-29-830Z\\conflicts\\Daily Logs\\digests\\cic-news-digest_2026-04-30_v1.md-3ef12992","dest":"C:\\Users\\soren\\docs\\project-brain\\castironforge\\cic-news-digest_2026-04-30_v1.md","timestamp":"2026-05-04T03:32:44.861Z"}
{"op":"merged","srcArchive":"C:\\Users\\soren\\archive\\docs-legacy-2026-05-04T03-06-29-830Z\\conflicts\\Daily Logs\\digests\\cic-news-digest_2026-05-03_v1.md-afdcd771","dest":"C:\\Users\\soren\\docs\\project-brain\\castironforge\\cic-news-digest_2026-05-03_v1.md","timestamp":"2026-05-04T03:32:44.865Z"}
{"op":"merged","srcArchive":"C:\\Users\\soren\\archive\\docs-legacy-2026-05-04T03-06-29-830Z\\conflicts\\ingestion.md-2fe6f7aa","dest":"C:\\Users\\soren\\docs\\project-brain\\castironforge\\ingestion.md","timestamp":"2026-05-04T03:32:44.867Z"}
{"op":"merged","srcArchive":"C:\\Users\\soren\\archive\\docs-legacy-2026-05-04T03-06-29-830Z\\conflicts\\research-engine.md-e5717a76","dest":"C:\\Users\\soren\\docs\\project-brain\\castironforge\\research-engine.md","timestamp":"2026-05-04T03:32:44.870Z"}
{"op":"merged","srcArchive":"C:\\Users\\soren\\archive\\docs-legacy-2026-05-04T03-06-29-830Z\\conflicts\\architecture.md-2f21aa8d","dest":"C:\\Users\\soren\\docs\\assets\\examples\\architecture.md","timestamp":"2026-05-04T03:32:44.872Z"}
{"op":"merged","srcArchive":"C:\\Users\\soren\\archive\\docs-legacy-2026-05-04T03-06-29-830Z\\conflicts\\crawler-spec.md-097830aa","dest":"C:\\Users\\soren\\docs\\assets\\examples\\crawler-spec.md","timestamp":"2026-05-04T03:32:44.874Z"}
{"op":"merged","srcArchive":"C:\\Users\\soren\\archive\\docs-legacy-2026-05-04T03-06-29-830Z\\conflicts\\operator-console-spec.md-f4c73121","dest":"C:\\Users\\soren\\docs\\assets\\examples\\operator-console-spec.md","timestamp":"2026-05-04T03:32:44.876Z"}
{"op":"merged","srcArchive":"C:\\Users\\soren\\archive\\docs-legacy-2026-05-04T03-06-29-830Z\\conflicts\\outreach-templates.md-0885aeb8","dest":"C:\\Users\\soren\\docs\\assets\\examples\\outreach-templates.md","timestamp":"2026-05-04T03:32:44.878Z"}
{"op":"merged","srcArchive":"C:\\Users\\soren\\archive\\docs-legacy-2026-05-04T03-06-29-830Z\\conflicts\\runbook.md-3c90510e","dest":"C:\\Users\\soren\\docs\\assets\\examples\\runbook.md","timestamp":"2026-05-04T03:32:44.880Z"}
{"op":"merged","srcArchive":"C:\\Users\\soren\\archive\\docs-legacy-2026-05-04T03-06-29-830Z\\conflicts\\extension.md-377a4ca9","dest":"C:\\Users\\soren\\docs\\assets\\examples\\extension.md","timestamp":"2026-05-04T03:32:44.883Z"}
{"op":"merged","srcArchive":"C:\\Users\\soren\\archive\\docs-legacy-2026-05-04T03-06-29-830Z\\conflicts\\features.md-d8b25706","dest":"C:\\Users\\soren\\docs\\assets\\examples\\features.md","timestamp":"2026-05-04T03:32:44.886Z"}
{"op":"merged","srcArchive":"C:\\Users\\soren\\archive\\docs-legacy-2026-05-04T03-06-29-830Z\\conflicts\\how-it-works.md-ed8ad813","dest":"C:\\Users\\soren\\docs\\assets\\examples\\how-it-works.md","timestamp":"2026-05-04T03:32:44.889Z"}
{"op":"merged","srcArchive":"C:\\Users\\soren\\archive\\docs-legacy-2026-05-04T03-06-29-830Z\\conflicts\\instructions.md-8ef41f3e","dest":"C:\\Users\\soren\\docs\\assets\\examples\\instructions.md","timestamp":"2026-05-04T03:32:44.891Z"}
{"op":"merged","srcArchive":"C:\\Users\\soren\\archive\\docs-legacy-2026-05-04T03-06-29-830Z\\conflicts\\startup.md-dd364f74","dest":"C:\\Users\\soren\\docs\\assets\\examples\\startup.md","timestamp":"2026-05-04T03:32:44.893Z"}
{"op":"merged","srcArchive":"C:\\Users\\soren\\archive\\docs-legacy-2026-05-04T03-06-29-830Z\\conflicts\\structure.md-df1faaf5","dest":"C:\\Users\\soren\\docs\\assets\\examples\\structure.md","timestamp":"2026-05-04T03:32:44.896Z"}
